Microchip MPLAB XC8 Compiler V2.45

Linker command line:

-W-3 \
  --edf=C:\Program Files\Microchip\xc8\v2.45\pic\dat\20230818022343_en.msgs \
  -cn -h+dist/default/debug\Embedded_course_project.debug.sym \
  --cmf=dist/default/debug\Embedded_course_project.debug.cmf -z -Q18F4620 \
  -oC:\Users\IBRAHI~1\AppData\Local\Temp\xcAsibg.\driver_tmp_3.o \
  --defsym=__MPLAB_BUILD=1 --fixupoverflow=error \
  -Mdist/default/debug/Embedded_course_project.debug.map \
  --md=C:\Users\IBRAHI~1\AppData\Local\Temp\xcAsibg.\driver_tmp_0.dat -E1 \
  -ver=XC8 Compiler --acfsm=1493 -ACODE=00h-0FFFFh -ACONST=00h-0FFFFh \
  -ASMALLCONST=01000h-010FFhx240 -AMEDIUMCONST=01000h-0FFFFh \
  -ACOMRAM=01h-07Fh -AABS1=00h-0F7Fh -ABIGRAM=01h-0F7Fh \
  -ARAM=080h-0FFh,0100h-01FFhx14,0F00h-0F7Fh -ABANK0=080h-0FFh \
  -ABANK1=0100h-01FFh -ABANK2=0200h-02FFh -ABANK3=0300h-03FFh \
  -ABANK4=0400h-04FFh -ABANK5=0500h-05FFh -ABANK6=0600h-06FFh \
  -ABANK7=0700h-07FFh -ABANK8=0800h-08FFh -ABANK9=0900h-09FFh \
  -ABANK10=0A00h-0AFFh -ABANK11=0B00h-0BFFh -ABANK12=0C00h-0CFFh \
  -ABANK13=0D00h-0DFFh -ABANK14=0E00h-0EFFh -ABANK15=0F00h-0F7Fh \
  -ASFR=0F80h-0FFFh -ABIGSFR=0F80h-0FFFh -ACONFIG=0300000h-030000Dh \
  -AIDLOC=0200000h-0200007h -AEEDATA=0F00000h-0F003FFh -peeprom_data=EEDATA \
  -preset_vec=00h,intcode=08h,intcodelo,powerup,init -pramtop=01000h \
  -psmallconst=SMALLCONST -pmediumconst=MEDIUMCONST -pconst=CONST \
  -AFARRAM=00h-00h \
  -prdata=COMRAM,nvrram=COMRAM,nvbit=COMRAM,rbss=COMRAM,rbit=COMRAM \
  -pfarbss=FARRAM,fardata=FARRAM,nvFARRAM=FARRAM \
  -pintsave_regs=BIGRAM,bigbss=BIGRAM,bigdata=BIGRAM -pbss=RAM \
  -pidata=CODE,irdata=CODE,ibigdata=CODE,ifardata=CODE -prparam=COMRAM \
  C:\Users\IBRAHI~1\AppData\Local\Temp\xcAsibg.\driver_tmp_9.o \
  dist/default/debug\Embedded_course_project.debug.o 

Object code version is 3.11

Machine type is 18F4620



                Name                               Link     Load   Length Selector   Space Scale
C:\Users\IBRAHI~1\AppData\Local\Temp\xcAsibg.\driver_tmp_9.o
                config                           300000   300000        E        0       4
                init                                  E        E        4        4       0
                reset_vec                             0        0        4        0       0
dist/default/debug\Embedded_course_project.debug.o
                intcode                               8        8        6        4       0
                config                           300000   300000        E        0       4
                temp                                 79       79        1        1       1
                smallconst                         1000     1000       12      800       0
                intcode_body                       1392     1392       46      809       0
                text9                              10EA     10EA       AE      809       0
                text8                              1012     1012       D8      809       0
                text7                              1454     1454       38      A2A       0
                text6                              14AC     14AC        6      A50       0
                text5                              1244     1244       5E      809       0
                text4                              134C     134C       46      809       0
                text3                              13D8     13D8       40      809       0
                text2                              1198     1198       AC      809       0
                text1                              14A0     14A0        C      A50       0
                text0                              12F8     12F8       54      809       0
                cstackCOMRAM                         6D       6D        B        1       1
                dataBANK0                            80       80       13       80       1
                dataCOMRAM                            1        1       3B        1       1
                bssCOMRAM                            3C       3C       31        1       1
                cinit                              12A2     12A2       56      809       0
                nvCOMRAM                             78       78        1        1       1
                idataBANK0                         148C     148C       13      A2A       0
                idataCOMRAM                        1418     1418       3B      809       0

TOTAL           Name                               Link     Load   Length     Space
        CLASS   CODE           
                intcode                               8        8        6         0
                init                                  E        E        4         0
                reset_vec                             0        0        4         0
                intcode_body                       1392     1392       46         0
                text9                              10EA     10EA       AE         0
                text8                              1012     1012       D8         0
                text7                              1454     1454       38         0
                text6                              14AC     14AC        6         0
                text5                              1244     1244       5E         0
                text4                              134C     134C       46         0
                text3                              13D8     13D8       40         0
                text2                              1198     1198       AC         0
                text1                              14A0     14A0        C         0
                text0                              12F8     12F8       54         0
                cinit                              12A2     12A2       56         0
                idataBANK0                         148C     148C       13         0
                idataCOMRAM                        1418     1418       3B         0

        CLASS   CONST          

        CLASS   SMALLCONST     
                smallconst                         1000     1000       12         0

        CLASS   MEDIUMCONST    

        CLASS   COMRAM         
                temp                                 79       79        1         1
                cstackCOMRAM                         6D       6D        B         1
                dataCOMRAM                            1        1       3B         1
                bssCOMRAM                            3C       3C       31         1
                nvCOMRAM                             78       78        1         1

        CLASS   ABS1           

        CLASS   BIGRAM         

        CLASS   RAM            

        CLASS   BANK0          
                dataBANK0                            80       80       13         1

        CLASS   BANK1          

        CLASS   BANK2          

        CLASS   BANK3          

        CLASS   BANK4          

        CLASS   BANK5          

        CLASS   BANK6          

        CLASS   BANK7          

        CLASS   BANK8          

        CLASS   BANK9          

        CLASS   BANK10         

        CLASS   BANK11         

        CLASS   BANK12         

        CLASS   BANK13         

        CLASS   BANK14         

        CLASS   BANK15         

        CLASS   SFR            

        CLASS   BIGSFR         

        CLASS   CONFIG         
                config                           300000   300000        E         4

        CLASS   IDLOC          

        CLASS   EEDATA         

        CLASS   FARRAM         

        CLASS   HEAP           

        CLASS   STACK          



SEGMENTS        Name                           Load    Length   Top    Selector   Space  Class

                reset_vec                      000000  000004  000004         0       0  CODE    
                dataCOMRAM                     000001  000079  00007A         1       1  COMRAM  
                intcode                        000008  00000A  000012         4       0  CODE    
                dataBANK0                      000080  000013  000093        80       1  BANK0   
                smallconst                     001000  000012  001012       800       0  SMALLCON
                text8                          001012  000441  001453       809       0  CODE    
                text7                          001454  00004B  00149F       A2A       0  CODE    
                text1                          0014A0  000012  0014B2       A50       0  CODE    


UNUSED ADDRESS RANGES

        Name                Unused          Largest block    Delta
        BANK0            000093-0000FF               6D
        BANK1            000100-0001FF              100
        BANK10           000A00-000AFF              100
        BANK11           000B00-000BFF              100
        BANK12           000C00-000CFF              100
        BANK13           000D00-000DFF              100
        BANK14           000E00-000EFF              100
        BANK15           000F00-000F7F               80
        BANK2            000200-0002FF              100
        BANK3            000300-0003FF              100
        BANK4            000400-0004FF              100
        BANK5            000500-0005FF              100
        BANK6            000600-0006FF              100
        BANK7            000700-0007FF              100
        BANK8            000800-0008FF              100
        BANK9            000900-0009FF              100
        BIGRAM           00007A-00007F                6
                         000093-000F7F              EED
        BIGSFR           000F80-000FFF               80
        CODE             000004-000007                4
                         000012-000FFF              FEE
                         001453-001453                1
                         00149F-00149F                1
                         0014B2-00FFFF             EB4E
        COMRAM           00007A-00007F                6
        CONST            000004-000007                4
                         000012-000FFF              FEE
                         001453-001453                1
                         00149F-00149F                1
                         0014B2-00FFFF             EB4E
        EEDATA           F00000-F003FF              400
        IDLOC            200000-200007                8
        MEDIUMCONST      001453-001453                1
                         00149F-00149F                1
                         0014B2-00FFFF             EB4E
        RAM              000093-000F7F              100
        SFR              000F80-000FFF               80
        SMALLCONST       001453-001453                1
                         00149F-00149F                1
                         0014B2-00FFFF              100

                                  Symbol Table

ADC_Getconversion@adc                      cstackCOMRAM 000074
ADC_Getconversion@channel                  cstackCOMRAM 000075
ADC_Getconversion@conversion_result        cstackCOMRAM 000076
ADC_Getconversion@ret                      cstackCOMRAM 000077
ADC_Getconversion_result@adc               cstackCOMRAM 00006D
ADC_Getconversion_result@conversion_result cstackCOMRAM 00006E
ADC_Init@adc                               cstackCOMRAM 000070
ADC_Init@ret                               cstackCOMRAM 000072
ADC_Select_channel@adc                     cstackCOMRAM 000070
ADC_Select_channel@channel                 cstackCOMRAM 000071
ADC_Select_channel@ret                     cstackCOMRAM 000073
ADC_start_conversion@                      cstackCOMRAM 00006D
_ADCON0bits                                (abs)        000FC2
_ADCON1bits                                (abs)        000FC1
_ADCON2bits                                (abs)        000FC0
_ADC_Getconversion                         text5        001244
_ADC_Getconversion_result                  text9        0010EA
_ADC_Init                                  text2        001198
_ADC_InterruptHandler                      bssCOMRAM    000054
_ADC_Select_channel                        text7        001454
_ADC_start_conversion                      text6        0014AC
_ADRESH                                    (abs)        000FC4
_ADRESL                                    (abs)        000FC3
_EEADR                                     (abs)        000FA9
_EEADRH                                    (abs)        000FAA
_EECON1bits                                (abs)        000FA6
_EECON2                                    (abs)        000FA7
_EEDATA                                    (abs)        000FA8
_INT0_InterruptHandler                     bssCOMRAM    000052
_INT1_InterruptHandler                     bssCOMRAM    000050
_INT2_InterruptHandler                     bssCOMRAM    00004E
_INTCON2bits                               (abs)        000FF1
_INTCON3bits                               (abs)        000FF0
_INTCONbits                                (abs)        000FF2
_InteruptManager                           intcode      000008
_LATA                                      (abs)        000F89
_LATB                                      (abs)        000F8A
_LATC                                      (abs)        000F8B
_LATD                                      (abs)        000F8C
_LATE                                      (abs)        000F8D
_LED1                                      bssCOMRAM    000057
_LED2                                      dataCOMRAM   000029
_LED3                                      dataCOMRAM   000028
_LED4                                      dataCOMRAM   000027
_PIE1bits                                  (abs)        000F9D
_PIR1bits                                  (abs)        000F9E
_PORTA                                     (abs)        000F80
_PORTB                                     (abs)        000F81
_PORTC                                     (abs)        000F82
_PORTD                                     (abs)        000F83
_PORTE                                     (abs)        000F84
_T0CONbits                                 (abs)        000FD5
_TMR0_InterruptHandler                     bssCOMRAM    00003C
_TRISA                                     (abs)        000F92
_TRISB                                     (abs)        000F93
_TRISC                                     (abs)        000F94
_TRISD                                     (abs)        000F95
_TRISE                                     (abs)        000F96
__HRAM                                     (abs)        000000
__H__absolute__                            __absolute__ 000000
__Habs1                                    abs1         000000
__Hbank0                                   bank0        000000
__Hbank1                                   bank1        000000
__Hbank10                                  bank10       000000
__Hbank11                                  bank11       000000
__Hbank12                                  bank12       000000
__Hbank13                                  bank13       000000
__Hbank14                                  bank14       000000
__Hbank15                                  bank15       000000
__Hbank2                                   bank2        000000
__Hbank3                                   bank3        000000
__Hbank4                                   bank4        000000
__Hbank5                                   bank5        000000
__Hbank6                                   bank6        000000
__Hbank7                                   bank7        000000
__Hbank8                                   bank8        000000
__Hbank9                                   bank9        000000
__Hbigbss                                  bigbss       000000
__Hbigdata                                 bigdata      000000
__Hbigram                                  bigram       000000
__Hbigsfr                                  bigsfr       000000
__Hbss                                     bss          000000
__HbssCOMRAM                               bssCOMRAM    000000
__Hcinit                                   cinit        000000
__Hclrtext                                 clrtext      000000
__Hcomram                                  comram       000000
__Hconfig                                  config       30000E
__Hconst                                   const        000000
__HcstackCOMRAM                            cstackCOMRAM 000000
__Hdata                                    data         000000
__HdataBANK0                               dataBANK0    000000
__HdataCOMRAM                              dataCOMRAM   000000
__Heeprom_data                             eeprom_data  000000
__Hfarbss                                  farbss       000000
__Hfardata                                 fardata      000000
__Hheap                                    heap         000000
__Hibigdata                                ibigdata     000000
__Hidata                                   idata        000000
__HidataBANK0                              idataBANK0   000000
__HidataCOMRAM                             idataCOMRAM  000000
__Hidloc                                   idloc        000000
__Hifardata                                ifardata     000000
__Hinit                                    init         000012
__Hintcode                                 intcode      00000E
__Hintcode_body                            intcode_body 000000
__Hintcodelo                               intcodelo    00000E
__Hintentry                                intentry     000000
__Hintret                                  intret       000000
__Hintsave_regs                            intsave_regs 000000
__Hirdata                                  irdata       000000
__Hmediumconst                             mediumconst  000000
__HnvCOMRAM                                nvCOMRAM     000000
__HnvFARRAM                                nvFARRAM     000000
__Hnvbit                                   nvbit        000000
__Hnvrram                                  nvrram       000000
__Hparam                                   rparam       000000
__Hpowerup                                 powerup      00000E
__Hram                                     ram          000000
__Hramtop                                  ramtop       001000
__Hrbit                                    rbit         000000
__Hrbss                                    rbss         000000
__Hrdata                                   rdata        000000
__Hreset_vec                               reset_vec    000004
__Hrparam                                  rparam       000000
__Hsfr                                     sfr          000000
__Hsmallconst                              smallconst   001012
__Hspace_0                                 (abs)        0014B2
__Hspace_1                                 (abs)        000093
__Hspace_2                                 (abs)        000000
__Hspace_4                                 (abs)        60000E
__Hstack                                   stack        000000
__Hstruct                                  struct       000000
__Htemp                                    temp         00007A
__Htext                                    text         000000
__Htext0                                   text0        000000
__Htext1                                   text1        000000
__Htext2                                   text2        000000
__Htext3                                   text3        000000
__Htext4                                   text4        000000
__Htext5                                   text5        000000
__Htext6                                   text6        000000
__Htext7                                   text7        000000
__Htext8                                   text8        000000
__Htext9                                   text9        000000
__LRAM                                     (abs)        000001
__L__absolute__                            __absolute__ 000000
__Labs1                                    abs1         000000
__Lbank0                                   bank0        000000
__Lbank1                                   bank1        000000
__Lbank10                                  bank10       000000
__Lbank11                                  bank11       000000
__Lbank12                                  bank12       000000
__Lbank13                                  bank13       000000
__Lbank14                                  bank14       000000
__Lbank15                                  bank15       000000
__Lbank2                                   bank2        000000
__Lbank3                                   bank3        000000
__Lbank4                                   bank4        000000
__Lbank5                                   bank5        000000
__Lbank6                                   bank6        000000
__Lbank7                                   bank7        000000
__Lbank8                                   bank8        000000
__Lbank9                                   bank9        000000
__Lbigbss                                  bigbss       000000
__Lbigdata                                 bigdata      000000
__Lbigram                                  bigram       000000
__Lbigsfr                                  bigsfr       000000
__Lbss                                     bss          000000
__LbssCOMRAM                               bssCOMRAM    000000
__Lcinit                                   cinit        000000
__Lclrtext                                 clrtext      000000
__Lcomram                                  comram       000000
__Lconfig                                  config       000000
__Lconst                                   const        000000
__LcstackCOMRAM                            cstackCOMRAM 000000
__Ldata                                    data         000000
__LdataBANK0                               dataBANK0    000000
__LdataCOMRAM                              dataCOMRAM   000000
__Leeprom_data                             eeprom_data  000000
__Lfarbss                                  farbss       000000
__Lfardata                                 fardata      000000
__Lheap                                    heap         000000
__Libigdata                                ibigdata     000000
__Lidata                                   idata        000000
__LidataBANK0                              idataBANK0   000000
__LidataCOMRAM                             idataCOMRAM  000000
__Lidloc                                   idloc        000000
__Lifardata                                ifardata     000000
__Linit                                    init         00000E
__Lintcode                                 intcode      000008
__Lintcode_body                            intcode_body 000000
__Lintcodelo                               intcodelo    00000E
__Lintentry                                intentry     000000
__Lintret                                  intret       000000
__Lintsave_regs                            intsave_regs 000000
__Lirdata                                  irdata       000000
__Lmediumconst                             mediumconst  000000
__LnvCOMRAM                                nvCOMRAM     000000
__LnvFARRAM                                nvFARRAM     000000
__Lnvbit                                   nvbit        000000
__Lnvrram                                  nvrram       000000
__Lparam                                   rparam       000000
__Lpowerup                                 powerup      00000E
__Lram                                     ram          000000
__Lramtop                                  ramtop       001000
__Lrbit                                    rbit         000000
__Lrbss                                    rbss         000000
__Lrdata                                   rdata        000000
__Lreset_vec                               reset_vec    000000
__Lrparam                                  rparam       000000
__Lsfr                                     sfr          000000
__Lsmallconst                              smallconst   001000
__Lspace_0                                 (abs)        000000
__Lspace_1                                 (abs)        000000
__Lspace_2                                 (abs)        000000
__Lspace_4                                 (abs)        000000
__Lstack                                   stack        000000
__Lstruct                                  struct       000000
__Ltemp                                    temp         000079
__Ltext                                    text         000000
__Ltext0                                   text0        000000
__Ltext1                                   text1        000000
__Ltext2                                   text2        000000
__Ltext3                                   text3        000000
__Ltext4                                   text4        000000
__Ltext5                                   text5        000000
__Ltext6                                   text6        000000
__Ltext7                                   text7        000000
__Ltext8                                   text8        000000
__Ltext9                                   text9        000000
__S0                                       (abs)        0014B2
__S1                                       (abs)        000093
__S4                                       (abs)        000000
__S5                                       (abs)        000000
___heap_hi                                 (abs)        000000
___heap_lo                                 (abs)        000000
___inthi_sp                                stack        000000
___inthi_stack_hi                          stack        000000
___inthi_stack_lo                          stack        000000
___intlo_sp                                stack        000000
___intlo_stack_hi                          stack        000000
___intlo_stack_lo                          stack        000000
___param_bank                              (abs)        000000
___rparam_used                             (abs)        000001
___sp                                      stack        000000
___stack_hi                                stack        000000
___stack_lo                                stack        000000
__accesstop                                (abs)        000080
__activetblptr                             (abs)        000003
__end_of_ADC_Getconversion                 text5        0012A2
__end_of_ADC_Getconversion_result          text9        001198
__end_of_ADC_Init                          text2        001244
__end_of_ADC_Select_channel                text7        00148C
__end_of_ADC_start_conversion              text6        0014B2
__end_of_InteruptManager                   intcode_body 0013D8
__end_of__initialization                   cinit        0012EE
__end_of_adc_input_channel_port_config     text8        0010EA
__end_of_application_intialize             text1        0014AC
__end_of_convertion_voltage_reference      text4        001392
__end_of_keypad_char                       smallconst   001011
__end_of_main                              text0        00134C
__end_of_select_result_frormat             text3        001418
__initialization                           cinit        0012A2
__mediumconst                              mediumconst  000000
__pbssCOMRAM                               bssCOMRAM    00003C
__pcinit                                   cinit        0012A2
__pcstackCOMRAM                            cstackCOMRAM 00006D
__pdataBANK0                               dataBANK0    000080
__pdataCOMRAM                              dataCOMRAM   000001
__pidataBANK0                              idataBANK0   00148C
__pidataCOMRAM                             idataCOMRAM  001418
__pintcode                                 intcode      000008
__pintcode_body                            intcode_body 001392
__pnvCOMRAM                                nvCOMRAM     000078
__psmallconst                              smallconst   001000
__ptext0                                   text0        0012F8
__ptext1                                   text1        0014A0
__ptext2                                   text2        001198
__ptext3                                   text3        0013D8
__ptext4                                   text4        00134C
__ptext5                                   text5        001244
__ptext6                                   text6        0014AC
__ptext7                                   text7        001454
__ptext8                                   text8        001012
__ptext9                                   text9        0010EA
__ramtop                                   ramtop       001000
__smallconst                               smallconst   001000
_adc1                                      dataCOMRAM   000033
_adc1_res                                  bssCOMRAM    00006B
_adc2_res                                  dataCOMRAM   00003A
_adc3_res                                  bssCOMRAM    000069
_adc4_res                                  bssCOMRAM    000067
_adc_input_channel_port_config             text8        001012
_application_intialize                     text1        0014A0
_bt_stat                                   dataCOMRAM   000022
_bt_stat2                                  dataCOMRAM   000021
_button_high                               dataCOMRAM   00001D
_button_low                                dataCOMRAM   00001A
_convertion_voltage_reference              text4        00134C
_keyad_number                              dataCOMRAM   000020
_keypad                                    dataCOMRAM   00002B
_keypad_char                               smallconst   001001
_l                                         bssCOMRAM    000056
_lat_registers                             dataCOMRAM   000001
_main                                      text0        0012F8
_numbers                                   dataBANK0    00008A
_p                                         dataCOMRAM   000026
_pin                                       dataCOMRAM   000023
_port_registers                            dataBANK0    000080
_relay1                                    dataCOMRAM   000025
_relay2                                    dataCOMRAM   000024
_ret                                       nvCOMRAM     000078
_segm                                      dataCOMRAM   00002A
_segment1                                  dataCOMRAM   000015
_select_result_frormat                     text3        0013D8
_tris_registers                            dataCOMRAM   00000B
adc_input_channel_port_config@channel      cstackCOMRAM 00006F
btemp                                      temp         000079
convertion_voltage_reference@adc           cstackCOMRAM 00006D
dc_motor_intialize@F2890                   bssCOMRAM    000066
dc_motor_intialize@F2892                   bssCOMRAM    000065
dc_motor_move_left@F2904                   bssCOMRAM    000062
dc_motor_move_left@F2906                   bssCOMRAM    000061
dc_motor_move_right@F2897                  bssCOMRAM    000064
dc_motor_move_right@F2899                  bssCOMRAM    000063
dc_motor_stop@F2911                        bssCOMRAM    000060
dc_motor_stop@F2913                        bssCOMRAM    00005F
end_of_initialization                      cinit        0012EE
int$flags                                  temp         000079
int_func                                   intcode_body 001392
intlevel0                                  text         000000
intlevel1                                  text         000000
intlevel2                                  text         000000
intlevel3                                  text         000000
isa$std                                    (abs)        000001
isa$xinst                                  (abs)        000000
led_intialize@F2891                        bssCOMRAM    00005E
led_turn_off@F2901                         bssCOMRAM    00005C
led_turn_on@F2896                          bssCOMRAM    00005D
led_turn_toggle@F2906                      bssCOMRAM    00005B
relay_intialize@F2885                      bssCOMRAM    00005A
relay_turn_off@F2895                       bssCOMRAM    000058
relay_turn_on@F2890                        bssCOMRAM    000059
select_result_frormat@adc                  cstackCOMRAM 00006D
stackhi                                    (abs)        000000
stacklo                                    (abs)        000000
start                                      init         00000E
start_initialization                       cinit        0012A2
ttemp5                                     temp         00007A
ttemp6                                     temp         00007D
ttemp7                                     temp         000081
wtemp8                                     temp         00007A


MODULE INFORMATION

Module		Function		Class		Link	Load	Size
shared
		__initialization		CODE           	12A2	0000	76
		_keypad_char   		SMALLCONST     	1001	0000	16

shared estimated size: 92

MCAL_Layer/ADC/hal_adc.c
		_convertion_voltage_reference		CODE           	134C	0000	70
		_ADC_Select_channel		CODE           	1454	0000	56
		_adc_input_channel_port_config		CODE           	1012	0000	216
		_ADC_Getconversion_result		CODE           	10EA	0000	174
		_ADC_Getconversion		CODE           	1244	0000	94
		_ADC_start_conversion		CODE           	14AC	0000	6
		_select_result_frormat		CODE           	13D8	0000	64
		_ADC_Init      		CODE           	1198	0000	172

MCAL_Layer/ADC/hal_adc.c estimated size: 852

MCAL_Layer/Interrupt/mcal_interrupt_manager.c
		_InteruptManager		CODE           	0008	0000	76

MCAL_Layer/Interrupt/mcal_interrupt_manager.c estimated size: 76

application.c
		_main          		CODE           	12F8	0000	84
		_application_intialize		CODE           	14A0	0000	12

application.c estimated size: 96

